{"format":"matcher-snap/1","pmin":0,"pmax":1000,"max_orders":4096,"index":"ladder"}
{"rec":"book","symbol":0,"seq":193}
{"rec":"order","order_id":41,"side":"ask","otype":"limit","tif":"post_only","price":659,"qty":16}
{"rec":"order","order_id":20,"side":"ask","otype":"limit","tif":"post_only","price":678,"qty":464}
{"rec":"order","order_id":34,"side":"ask","otype":"limit","tif":"gtc","price":737,"qty":99}
{"rec":"order","order_id":3,"side":"ask","otype":"limit","tif":"gtc","price":939,"qty":272}
{"rec":"order","order_id":31,"side":"ask","otype":"limit","tif":"gtc","price":974,"qty":636}
{"rec":"book","symbol":1,"seq":231}
{"rec":"order","order_id":23,"side":"bid","otype":"limit","tif":"post_only","price":501,"qty":231}
{"rec":"order","order_id":2,"side":"bid","otype":"limit","tif":"gtc","price":501,"qty":916}
{"rec":"order","order_id":16,"side":"bid","otype":"limit","tif":"gtc","price":320,"qty":804}
{"rec":"order","order_id":35,"side":"bid","otype":"limit","tif":"gtc","price":183,"qty":450}
{"rec":"order","order_id":55,"side":"bid","otype":"limit","tif":"gtc","price":160,"qty":938}
{"rec":"order","order_id":46,"side":"bid","otype":"limit","tif":"gtc","price":1,"qty":599}
{"rec":"order","order_id":57,"side":"ask","otype":"limit","tif":"post_only","price":1000,"qty":527}
{"rec":"order","order_id":62,"side":"ask","otype":"limit","tif":"post_only","price":1000,"qty":905}
{"rec":"book","symbol":2,"seq":269}
{"rec":"order","order_id":28,"side":"bid","otype":"limit","tif":"gtc","price":219,"qty":425}
{"rec":"book","symbol":3,"seq":263}
{"rec":"order","order_id":0,"side":"bid","otype":"limit","tif":"gtc","price":226,"qty":653}
{"rec":"order","order_id":7,"side":"bid","otype":"limit","tif":"post_only","price":178,"qty":1000}
{"rec":"order","order_id":24,"side":"bid","otype":"limit","tif":"post_only","price":1,"qty":562}
{"rec":"book","symbol":4,"seq":206}
{"rec":"order","order_id":23,"side":"bid","otype":"limit","tif":"gtc","price":1,"qty":547}
{"rec":"order","order_id":31,"side":"ask","otype":"limit","tif":"post_only","price":501,"qty":824}
{"rec":"order","order_id":34,"side":"ask","otype":"limit","tif":"post_only","price":641,"qty":874}
{"rec":"order","order_id":8,"side":"ask","otype":"limit","tif":"post_only","price":664,"qty":225}
{"rec":"order","order_id":37,"side":"ask","otype":"limit","tif":"post_only","price":694,"qty":64}
{"rec":"order","order_id":7,"side":"ask","otype":"limit","tif":"gtc","price":961,"qty":317}
{"rec":"order","order_id":25,"side":"ask","otype":"limit","tif":"gtc","price":1000,"qty":655}
{"rec":"book","symbol":5,"seq":223}
{"rec":"order","order_id":43,"side":"bid","otype":"limit","tif":"gtc","price":259,"qty":397}
{"rec":"order","order_id":11,"side":"bid","otype":"limit","tif":"gtc","price":178,"qty":653}
{"rec":"order","order_id":50,"side":"bid","otype":"limit","tif":"gtc","price":70,"qty":43}
{"rec":"order","order_id":32,"side":"ask","otype":"limit","tif":"gtc","price":789,"qty":868}
{"rec":"order","order_id":10,"side":"ask","otype":"limit","tif":"post_only","price":863,"qty":871}
{"rec":"order","order_id":21,"side":"ask","otype":"limit","tif":"post_only","price":949,"qty":176}
{"rec":"order","order_id":6,"side":"ask","otype":"limit","tif":"post_only","price":1000,"qty":280}
{"rec":"book","symbol":6,"seq":266}
{"rec":"order","order_id":56,"side":"ask","otype":"limit","tif":"gtc","price":1000,"qty":299}
{"rec":"order","order_id":60,"side":"ask","otype":"limit","tif":"gtc","price":1000,"qty":632}
{"rec":"order","order_id":20,"side":"ask","otype":"limit","tif":"post_only","price":1000,"qty":769}
{"rec":"book","symbol":7,"seq":232}
{"rec":"order","order_id":30,"side":"bid","otype":"limit","tif":"gtc","price":858,"qty":911}
{"rec":"order","order_id":23,"side":"bid","otype":"limit","tif":"gtc","price":736,"qty":468}
{"rec":"order","order_id":44,"side":"ask","otype":"limit","tif":"gtc","price":1000,"qty":948}
